// Jest Snapshot v1, https://goo.gl/fbAQLP

exports[`does the thing 1`] = `
"[30m,[0m[30m,[0m[30m,[0m[30m,[0m[30m,[0m[30m,[0m[30m:[0m[30m:[0m[30m,[0m[30m:[0m[30m:[0m[30m:[0m[30mi[0m[30m,[0m[30m:[0m[30m:[0m[30mi[0m[30m,[0m[30mi[0m[90m7[0m[90m7[0m[30mi[0m[30m,[0m[30m,[0m[30m,[0m[30m:[0m[30m:[0m[90mr[0m[30mi[0m[30mi[0m[90m;[0m[90m7[0m[90m;[0m[30mi[0m[30mi[0m[90m;[0m[90m;[0m[90mr[0m[90mX[0m[90m;[0m[30m:[0m[30m:[0m[30m,[0m[30m,[0m[30m,[0m[30m:[0m[30mi[0m[90m;[0m[30m:[0m[30m:[0m[30m:[0m[30m:[0m[30m,[0m[30m:[0m[30m:[0m[30m:[0m[30m:[0m[30m:[0m[30m:[0m[30m:[0m[30m:[0m[30m:[0m[30m:[0m[30m,[0m[30m,[0m[30mi[0m[30mi[0m[30m,[0m[30m,[0m[30m,[0m[30m,[0m[30m,[0m[30m:[0m[30m:[0m[30m:[0m[90m;[0m[30m:[0m[30mi[0m[90m;[0m[90m7[0m
[30m,[0m[30m,[0m[30m,[0m[30m,[0m[30m,[0m[30m,[0m[30m,[0m[30m:[0m[90m;[0m[90m;[0m[90m7[0m[90mS[0m[90mS[0m[90mr[0m[30m:[0m[90m;[0m[90mX[0m[90m2[0m[90mS[0m[90m7[0m[90mX[0m[90m;[0m[30m:[0m[30m,[0m[30m,[0m[30m,[0m[90m;[0m[90mr[0m[90mX[0m[90mX[0m[90mX[0m[90mi[0m[30m:[0m[90mi[0m[90mr[0m[90m;[0m[90mr[0m[31m7[0m[31mr[0m[90mi[0m[30mi[0m[90m;[0m[30mi[0m[30m:[0m[30m:[0m[30m,[0m[30m:[0m[90mi[0m[30mi[0m[30m,[0m[30mi[0m[90m7[0m[90mr[0m[30mi[0m[30m:[0m[30m:[0m[30m,[0m[30m,[0m[30m,[0m[30m,[0m[30m:[0m[30m:[0m[30m,[0m[30m,[0m[30m:[0m[30m:[0m[30m,[0m[30m,[0m[30m,[0m[30m,[0m[30m,[0m[30m,[0m[30m,[0m[30m,[0m[30m:[0m[30mi[0m[30m:[0m[30m:[0m[90m;[0m[90mr[0m
[30m,[0m[30m,[0m[30m,[0m[30m,[0m[30m,[0m[30m,[0m[30m,[0m[30m:[0m[30m:[0m[30m:[0m[90m;[0m[90mX[0m[33ma[0m[90mS[0m[90mr[0m[90mX[0m[37mZ[0m[37m0[0m[37mZ[0m[90m2[0m[90m7[0m[90m;[0m[30m:[0m[30m:[0m[30m:[0m[90m;[0m[31mX[0m[31mS[0m[31mX[0m[90m7[0m[30mi[0m[90m;[0m[31m7[0m[31m;[0m[31mr[0m[31m7[0m[31m7[0m[31mr[0m[90mi[0m[30mi[0m[30mi[0m[30m:[0m[30m,[0m[30m,[0m[30m,[0m[30m,[0m[30m:[0m[30mi[0m[30m,[0m[30m:[0m[30m:[0m[30mi[0m[90m;[0m[90mr[0m[90mr[0m[30mi[0m[30m,[0m[30m,[0m[30m,[0m[30m:[0m[30m:[0m[30m:[0m[30m:[0m[30mi[0m[30m:[0m[30m,[0m[30m,[0m[30m,[0m[30m,[0m[30m,[0m[30m,[0m[30m,[0m[30m,[0m[30m,[0m[30m,[0m[30mi[0m[30mi[0m[30m:[0m[90m;[0m[33mZ[0m
[30m,[0m[30m,[0m[30m,[0m[30m,[0m[30m:[0m[30m:[0m[30m,[0m[30m:[0m[90m;[0m[90mr[0m[90mr[0m[90m;[0m[90mr[0m[90m7[0m[90m2[0m[37m8[0m[37m8[0m[33mZ[0m[90m2[0m[90m7[0m[90m;[0m[90m;[0m[30mi[0m[30mi[0m[90mr[0m[31mX[0m[31m;[0m[90mr[0m[90m;[0m[90m;[0m[90m7[0m[31mX[0m[31m;[0m[31m7[0m[31mr[0m[31m7[0m[31m;[0m[90m;[0m[90m;[0m[90mi[0m[30mi[0m[90m;[0m[90mr[0m[90mr[0m[90m;[0m[30mi[0m[30mi[0m[90m;[0m[30m:[0m[30mi[0m[30m:[0m[30m:[0m[30mi[0m[30m:[0m[31m7[0m[31mX[0m[90m7[0m[30mi[0m[30m,[0m[30mi[0m[90mi[0m[30m:[0m[30mi[0m[30m:[0m[30m:[0m[30m:[0m[30m:[0m[30m,[0m[30m,[0m[30m,[0m[30m,[0m[30m,[0m[30m:[0m[30m:[0m[30m:[0m[30mi[0m[90m;[0m[30m,[0m[30m,[0m[30m,[0m
[30m,[0m[30m,[0m[30m,[0m[30m.[0m[30m,[0m[30m,[0m[30m:[0m[90mr[0m[90ma[0m[37mZ[0m[37m8[0m[90m2[0m[90m7[0m[90ma[0m[37m0[0m[37m0[0m[37m8[0m[90mX[0m[90m;[0m[30m:[0m[90mi[0m[30mi[0m[30m:[0m[90mr[0m[31mr[0m[31mr[0m[90m;[0m[30mi[0m[30mi[0m[31m7[0m[90m;[0m[31mr[0m[31mX[0m[31mr[0m[31mr[0m[31mr[0m[90mX[0m[90mX[0m[90m;[0m[90mr[0m[90mS[0m[37mZ[0m[37m8[0m[37m8[0m[37mZ[0m[90m2[0m[90m;[0m[90m;[0m[90mX[0m[90mX[0m[90mr[0m[30mi[0m[90m;[0m[30mi[0m[90m;[0m[31mX[0m[31mX[0m[31mX[0m[90m;[0m[30mi[0m[30mi[0m[30mi[0m[30m:[0m[30m,[0m[30m,[0m[30mi[0m[30m,[0m[30m,[0m[30m,[0m[30m,[0m[30m,[0m[30m:[0m[30m,[0m[30m:[0m[30m:[0m[30mi[0m[90m;[0m[30m:[0m[30m,[0m[30m,[0m
[30m,[0m[30m,[0m[30m,[0m[30m.[0m[30m,[0m[30m,[0m[30m:[0m[90mr[0m[90m2[0m[33mZ[0m[33ma[0m[90mX[0m[90mX[0m[90mX[0m[90m2[0m[90m2[0m[90mX[0m[30mi[0m[30m:[0m[30m:[0m[30mi[0m[30m:[0m[31mr[0m[31m7[0m[31mr[0m[90mr[0m[30mi[0m[30m:[0m[31mr[0m[31m7[0m[31mr[0m[31mS[0m[31m7[0m[31mr[0m[31m7[0m[90mX[0m[90m2[0m[90m;[0m[90mi[0m[90m2[0m[37m8[0m[37m8[0m[37m8[0m[37m8[0m[37mZ[0m[90mX[0m[30mi[0m[90m7[0m[37mZ[0m[37mZ[0m[37mZ[0m[90m2[0m[90mr[0m[90m;[0m[90m;[0m[30mi[0m[31mX[0m[31mX[0m[31m7[0m[31m7[0m[90m;[0m[30m,[0m[30m,[0m[30m,[0m[30m,[0m[30mi[0m[30mi[0m[30m,[0m[30m:[0m[30m:[0m[30m:[0m[30m:[0m[30m:[0m[30m:[0m[30m:[0m[30m:[0m[90m;[0m[30mi[0m[30m,[0m[30m:[0m
[90mr[0m[90mr[0m[30m:[0m[30m.[0m[30m.[0m[30m.[0m[30m,[0m[30m:[0m[90m7[0m[90m2[0m[33m2[0m[90mX[0m[90m;[0m[90m;[0m[30mi[0m[30m:[0m[30m:[0m[30mi[0m[90m;[0m[90m;[0m[30mi[0m[90m;[0m[31m7[0m[31m7[0m[90mi[0m[30m:[0m[30m:[0m[90mi[0m[31m7[0m[31mr[0m[31mX[0m[31m;[0m[31m7[0m[31m7[0m[31mr[0m[90ma[0m[90m7[0m[90mi[0m[90mX[0m[37m8[0m[37m8[0m[37m8[0m[37m8[0m[37m8[0m[90m2[0m[30mi[0m[90mi[0m[90ma[0m[37mZ[0m[37m8[0m[37mZ[0m[37mZ[0m[90m2[0m[90m;[0m[90m;[0m[30m:[0m[31mr[0m[31m7[0m[31mX[0m[31m7[0m[31mi[0m[30m,[0m[30m,[0m[30m,[0m[30m,[0m[30m:[0m[30mi[0m[30m:[0m[30m:[0m[30m:[0m[30m:[0m[30m,[0m[30m:[0m[30mi[0m[30m:[0m[30m:[0m[90m;[0m[30mi[0m[30m:[0m[30mi[0m
[90m;[0m[30mi[0m[30m,[0m[30m.[0m[30m.[0m[30m.[0m[30m,[0m[30m,[0m[30mi[0m[90m7[0m[90mX[0m[90mS[0m[90m7[0m[30mi[0m[30m:[0m[30m,[0m[30m:[0m[30mi[0m[90m;[0m[90m;[0m[90mr[0m[31mr[0m[31mX[0m[90mr[0m[30mi[0m[90mi[0m[90m;[0m[31mr[0m[31mr[0m[31m7[0m[31mr[0m[31mX[0m[31mX[0m[31mr[0m[90mX[0m[90m2[0m[90mi[0m[90m;[0m[37mZ[0m[37m8[0m[37m8[0m[37m0[0m[37m8[0m[37m8[0m[90mr[0m[30mi[0m[90mS[0m[37mZ[0m[37mZ[0m[37mZ[0m[37mZ[0m[33mZ[0m[33ma[0m[90m7[0m[90m;[0m[30mi[0m[31mr[0m[31m7[0m[31m7[0m[31mS[0m[31mr[0m[90m;[0m[30m,[0m[30m:[0m[30m:[0m[30m:[0m[90m;[0m[90m;[0m[30m:[0m[30m,[0m[30m:[0m[30m:[0m[30m:[0m[30mi[0m[30m,[0m[30m,[0m[30mi[0m[90mr[0m[90m;[0m[30mi[0m
[30mi[0m[30mi[0m[30m:[0m[30m,[0m[30m,[0m[30m,[0m[30m,[0m[30m,[0m[30m:[0m[90mi[0m[90mX[0m[90mX[0m[90m7[0m[30m:[0m[30m:[0m[30m,[0m[30m,[0m[30m:[0m[90m;[0m[90m;[0m[31m7[0m[31mr[0m[31mr[0m[90m;[0m[30m:[0m[90mr[0m[31m;[0m[31m7[0m[31m7[0m[31mX[0m[31mr[0m[31mX[0m[31m7[0m[31mr[0m[90m2[0m[90mr[0m[30m:[0m[90mS[0m[37m8[0m[37m0[0m[37m0[0m[37m8[0m[37m8[0m[90ma[0m[30mi[0m[90mr[0m[37mZ[0m[37m8[0m[37m8[0m[37mZ[0m[37ma[0m[33ma[0m[33ma[0m[90mS[0m[30mi[0m[30mi[0m[90m;[0m[31m7[0m[31m7[0m[31mX[0m[31m7[0m[31m;[0m[90mi[0m[30m:[0m[30m:[0m[30m:[0m[30m:[0m[30mi[0m[30m:[0m[30m,[0m[30m,[0m[30m,[0m[30m:[0m[30m:[0m[30m,[0m[30m,[0m[30m:[0m[90m;[0m[90m;[0m[30m:[0m
[33mX[0m[90m7[0m[90m;[0m[30m:[0m[30m,[0m[30m,[0m[30m,[0m[30m,[0m[30m:[0m[30mi[0m[90mX[0m[90m7[0m[30m:[0m[30m,[0m[30m,[0m[30m:[0m[30m:[0m[30m:[0m[30m:[0m[31mr[0m[31m;[0m[31mr[0m[30m:[0m[30mi[0m[30mi[0m[90mX[0m[31m7[0m[31mr[0m[31mX[0m[31m7[0m[90m;[0m[31mr[0m[31m;[0m[30m:[0m[30m:[0m[30m:[0m[30m,[0m[30m:[0m[30mi[0m[90m7[0m[90m2[0m[37m8[0m[33mZ[0m[90mr[0m[90m;[0m[90ma[0m[33mZ[0m[37mZ[0m[33mZ[0m[33mZ[0m[33mZ[0m[33mZ[0m[90m2[0m[90mS[0m[30mi[0m[30mi[0m[90m;[0m[31mr[0m[31m7[0m[31m7[0m[31m7[0m[31m;[0m[90m;[0m[30mi[0m[30m,[0m[30m,[0m[30m:[0m[90m;[0m[30m:[0m[30m,[0m[30m,[0m[30m,[0m[30m:[0m[30m:[0m[30m,[0m[30m:[0m[30mi[0m[90mr[0m[90m;[0m[30m:[0m
[90mr[0m[90m;[0m[30m:[0m[30m,[0m[30m,[0m[30m,[0m[30m,[0m[30m,[0m[30m,[0m[30m:[0m[30m:[0m[30m,[0m[30m,[0m[30m,[0m[30m:[0m[90mr[0m[90m;[0m[90m;[0m[90m;[0m[90m;[0m[31mi[0m[30m:[0m[30m:[0m[30mi[0m[30mi[0m[90mX[0m[31mr[0m[31mr[0m[31mX[0m[31m;[0m[31m;[0m[31m;[0m[31mi[0m[90mi[0m[30mi[0m[30mi[0m[90m;[0m[90mr[0m[90m;[0m[30mi[0m[90mr[0m[90m2[0m[90mr[0m[30mi[0m[90m;[0m[30mi[0m[30m:[0m[30m:[0m[30m:[0m[30m:[0m[30mi[0m[90m;[0m[90m7[0m[90mX[0m[30mi[0m[30mi[0m[90m;[0m[31mr[0m[31mr[0m[31m7[0m[31mr[0m[31mr[0m[31m;[0m[30mi[0m[30m:[0m[30m,[0m[30m:[0m[90mr[0m[90m;[0m[30m,[0m[30m,[0m[30m,[0m[30mi[0m[30m:[0m[30m,[0m[30m:[0m[90m;[0m[90mr[0m[30mi[0m[30mi[0m
[30mi[0m[30m,[0m[30m,[0m[30m,[0m[30m,[0m[30m.[0m[30m.[0m[30m,[0m[30m,[0m[30m,[0m[30m,[0m[30m:[0m[30m:[0m[30m:[0m[90m;[0m[90m7[0m[90mX[0m[90mS[0m[31m7[0m[31m;[0m[31m;[0m[30m:[0m[30mi[0m[90m;[0m[90mr[0m[31m;[0m[31m;[0m[31m;[0m[31mr[0m[31m;[0m[31m;[0m[31m;[0m[31mi[0m[30m:[0m[30m:[0m[30m:[0m[30mi[0m[90m;[0m[90mX[0m[90mX[0m[90mX[0m[90mi[0m[30mi[0m[90m7[0m[90m7[0m[90m7[0m[90m7[0m[90mX[0m[90mS[0m[90mX[0m[90mX[0m[90m7[0m[90m;[0m[30mi[0m[30mi[0m[30mi[0m[30m:[0m[31mr[0m[31mr[0m[31mr[0m[31mr[0m[31mX[0m[31m;[0m[90m;[0m[30mi[0m[30m:[0m[30m:[0m[30mi[0m[90mr[0m[30mi[0m[30m:[0m[30m:[0m[30mi[0m[30m:[0m[30m:[0m[30mi[0m[90m7[0m[90mr[0m[30mi[0m[30m:[0m
[30m:[0m[30m:[0m[30m:[0m[30m,[0m[30m,[0m[30m,[0m[30m.[0m[30m,[0m[30m,[0m[30m,[0m[30mi[0m[90m;[0m[90mr[0m[90mr[0m[90mr[0m[90mX[0m[90mX[0m[90mX[0m[31m;[0m[31mi[0m[31mi[0m[30m:[0m[90m;[0m[90m;[0m[90mr[0m[31mr[0m[31m;[0m[31m;[0m[31m;[0m[31mX[0m[31mX[0m[31m;[0m[31m7[0m[90m7[0m[30mi[0m[30mi[0m[90mX[0m[90m2[0m[90m2[0m[90mS[0m[90m;[0m[90mi[0m[90m2[0m[90mS[0m[90mS[0m[90mX[0m[90m7[0m[90m;[0m[30mi[0m[90m;[0m[90m;[0m[90mr[0m[90mX[0m[90mX[0m[30mi[0m[30m:[0m[30m:[0m[31m;[0m[31m;[0m[31mi[0m[31mr[0m[31mX[0m[31mi[0m[31mi[0m[90m;[0m[30m:[0m[30m:[0m[30m:[0m[90mi[0m[90m;[0m[30m:[0m[30m:[0m[30mi[0m[30m:[0m[30m:[0m[30mi[0m[90m7[0m[30mi[0m[30m:[0m[30m,[0m
[30m,[0m[30m:[0m[30m:[0m[30m:[0m[30m:[0m[30m,[0m[30m,[0m[30m,[0m[30m,[0m[30m,[0m[90mr[0m[90mS[0m[90m2[0m[90m2[0m[90mX[0m[90mX[0m[90mX[0m[90mX[0m[31m;[0m[31m;[0m[30mi[0m[30m:[0m[90m;[0m[90m;[0m[90m;[0m[31mr[0m[31m;[0m[31m;[0m[90m;[0m[90ma[0m[31mX[0m[31m;[0m[33mS[0m[33mZ[0m[90mr[0m[30m:[0m[90mS[0m[33ma[0m[90m2[0m[30mi[0m[30mi[0m[90m2[0m[37mZ[0m[90m2[0m[90ma[0m[37mZ[0m[33ma[0m[90m2[0m[90m2[0m[90mS[0m[90mX[0m[90m7[0m[90mX[0m[90mr[0m[30mi[0m[30m,[0m[30m,[0m[31mi[0m[31m;[0m[31mi[0m[31mr[0m[31m7[0m[31m;[0m[30mi[0m[90m;[0m[30m:[0m[30m,[0m[30m,[0m[30m,[0m[30mi[0m[30m:[0m[30mi[0m[30mi[0m[30m:[0m[30m:[0m[90m;[0m[90m;[0m[30m:[0m[30mi[0m[30m:[0m
[30m,[0m[30m,[0m[30m:[0m[30m:[0m[30m:[0m[30m,[0m[30m,[0m[30m,[0m[30m,[0m[30m,[0m[30mi[0m[90mX[0m[90mX[0m[90mS[0m[90mX[0m[90m7[0m[90m7[0m[90m;[0m[31mi[0m[90m;[0m[30m:[0m[30m:[0m[90mi[0m[90m;[0m[90m7[0m[31mr[0m[31m;[0m[31m;[0m[90mX[0m[37mZ[0m[31mX[0m[31m;[0m[90m2[0m[90ma[0m[30mi[0m[30mi[0m[90m7[0m[90mX[0m[90mX[0m[90m;[0m[90m7[0m[37m8[0m[37mZ[0m[90ma[0m[90ma[0m[37mZ[0m[37m8[0m[37m8[0m[37m8[0m[37m8[0m[37mZ[0m[33ma[0m[90mX[0m[90mX[0m[30m:[0m[30m,[0m[30m,[0m[31mi[0m[31m;[0m[31mi[0m[31m;[0m[31mi[0m[31m7[0m[30m:[0m[31mi[0m[90m;[0m[30m:[0m[30m,[0m[30m,[0m[30m:[0m[90m;[0m[90m;[0m[30mi[0m[30m:[0m[30m:[0m[90mr[0m[30mi[0m[30mi[0m[90m;[0m[30m:[0m
[30m:[0m[30m:[0m[30m:[0m[30m:[0m[30m:[0m[30m:[0m[30m:[0m[30m:[0m[30m,[0m[30m,[0m[30m,[0m[30mi[0m[30mi[0m[90m;[0m[90mr[0m[90mr[0m[90mr[0m[31m;[0m[90m;[0m[90m;[0m[30mi[0m[30mi[0m[30mi[0m[90m;[0m[90mX[0m[31m;[0m[31m;[0m[31mi[0m[90m7[0m[31m2[0m[31mr[0m[31mr[0m[90mS[0m[90m7[0m[30m:[0m[30mi[0m[90m7[0m[90m;[0m[30mi[0m[30mi[0m[90mX[0m[90m2[0m[90mX[0m[90mS[0m[90m2[0m[90m2[0m[37mZ[0m[37m0[0m[37m0[0m[37m8[0m[37m8[0m[37mZ[0m[90mS[0m[90mX[0m[30m:[0m[30m:[0m[30m:[0m[31mi[0m[31m;[0m[31mi[0m[31mr[0m[31mi[0m[31m;[0m[31m;[0m[30m:[0m[31mi[0m[90mi[0m[30mi[0m[30m:[0m[30m:[0m[30mi[0m[90m7[0m[30mi[0m[30m:[0m[30mi[0m[90m7[0m[30mi[0m[30mi[0m[90mr[0m[90m;[0m
[90m;[0m[90m;[0m[30mi[0m[30m:[0m[30m,[0m[30m:[0m[30m:[0m[30m,[0m[30m,[0m[30m:[0m[30mi[0m[90m;[0m[90m;[0m[90mi[0m[90m;[0m[90mr[0m[31m;[0m[31mi[0m[90mi[0m[90m;[0m[30m:[0m[30m:[0m[30m:[0m[90mX[0m[90m7[0m[31m;[0m[31m;[0m[31mi[0m[90mr[0m[33m2[0m[31m7[0m[90mr[0m[90mX[0m[90m7[0m[90mi[0m[90mr[0m[90m2[0m[90m2[0m[90mS[0m[90mX[0m[90mS[0m[90mX[0m[90mX[0m[90mX[0m[90mS[0m[37mZ[0m[37m8[0m[37m8[0m[37m8[0m[37m8[0m[37mZ[0m[90ma[0m[90m2[0m[90m7[0m[30m,[0m[30m,[0m[30m,[0m[31mi[0m[31mi[0m[31m;[0m[31m;[0m[30m:[0m[31m;[0m[31m;[0m[30m,[0m[31mi[0m[30m:[0m[30mi[0m[90m;[0m[90m;[0m[90m;[0m[90m;[0m[30m:[0m[30m:[0m[30m:[0m[90m;[0m[30mi[0m[30m:[0m[30mi[0m[30mi[0m
[30mi[0m[90mr[0m[90mr[0m[30mi[0m[30m:[0m[30m,[0m[30m,[0m[30m,[0m[30m,[0m[30m:[0m[90m;[0m[90mX[0m[90mX[0m[90m7[0m[90mr[0m[31mr[0m[31mi[0m[90mr[0m[90mr[0m[90mi[0m[30m,[0m[30m,[0m[30m:[0m[90mS[0m[90m7[0m[31mr[0m[31mr[0m[90mi[0m[90m7[0m[90m2[0m[37mZ[0m[90m2[0m[90mS[0m[90mr[0m[90m;[0m[90mr[0m[90mX[0m[90mS[0m[90mS[0m[90mS[0m[90mS[0m[90mS[0m[90mS[0m[90m2[0m[90m2[0m[90m2[0m[90ma[0m[37mZ[0m[37mZ[0m[37mZ[0m[33m2[0m[90mS[0m[90m7[0m[30m:[0m[30m,[0m[30m,[0m[30m:[0m[31mi[0m[31m:[0m[31mi[0m[31m;[0m[30m:[0m[31mi[0m[31m;[0m[30m:[0m[30m:[0m[31mi[0m[90mi[0m[30mi[0m[90m;[0m[90m7[0m[90mr[0m[30mi[0m[30m:[0m[30m:[0m[90mr[0m[90mr[0m[30mi[0m[30m:[0m[30m:[0m
[90m;[0m[90m;[0m[90mi[0m[90m;[0m[90m;[0m[30mi[0m[30m:[0m[30m:[0m[30m,[0m[30m,[0m[30mi[0m[90mX[0m[90m2[0m[90m2[0m[33m2[0m[33mX[0m[31mi[0m[90m;[0m[31m;[0m[31mi[0m[30m,[0m[30m,[0m[30mi[0m[90mS[0m[30mi[0m[30m:[0m[30m:[0m[90m;[0m[90mX[0m[90mS[0m[37mZ[0m[37m8[0m[37mZ[0m[37ma[0m[90mX[0m[90mX[0m[90m2[0m[33mZ[0m[37mZ[0m[37mZ[0m[37mZ[0m[90ma[0m[90m2[0m[90m7[0m[90m;[0m[90m7[0m[90ma[0m[33ma[0m[33ma[0m[33m2[0m[90mX[0m[90mX[0m[90mr[0m[30m:[0m[30m:[0m[30m,[0m[30m,[0m[31mi[0m[31mi[0m[31mi[0m[31m;[0m[30m:[0m[90m;[0m[90m;[0m[30m,[0m[30m:[0m[30m:[0m[30m:[0m[90m;[0m[90mr[0m[90m7[0m[90m;[0m[90m;[0m[90m;[0m[30mi[0m[90mr[0m[90m;[0m[30m:[0m[30m,[0m[30m,[0m
[90mX[0m[90m7[0m[90m;[0m[30mi[0m[30mi[0m[30mi[0m[90m;[0m[90m;[0m[30m:[0m[30m,[0m[30m:[0m[30mi[0m[90mr[0m[90mX[0m[37mZ[0m[33mZ[0m[90mX[0m[90mr[0m[31mr[0m[30m:[0m[30m,[0m[30m,[0m[90m;[0m[90m2[0m[30mi[0m[30m.[0m[30m,[0m[30mi[0m[90m7[0m[90mS[0m[90mS[0m[37mZ[0m[37mZ[0m[37mZ[0m[37mZ[0m[90m2[0m[90mX[0m[90mX[0m[90mS[0m[90m2[0m[90m2[0m[90mS[0m[90mX[0m[90m7[0m[90mX[0m[37mZ[0m[37ma[0m[33ma[0m[90m2[0m[90mX[0m[90mS[0m[90mX[0m[30m:[0m[30m:[0m[30m:[0m[30m,[0m[30m:[0m[31m;[0m[31mi[0m[31m;[0m[31mi[0m[31mi[0m[31m7[0m[90m;[0m[30mi[0m[30m:[0m[30m:[0m[30mi[0m[90mr[0m[90mr[0m[90mi[0m[30mi[0m[30mi[0m[30m:[0m[30mi[0m[90m;[0m[30mi[0m[30m:[0m[30mi[0m[30m:[0m
[90mX[0m[90mX[0m[90mX[0m[90mX[0m[90m7[0m[90m;[0m[90m;[0m[90m7[0m[90mr[0m[30mi[0m[30m,[0m[30m,[0m[30m:[0m[30mi[0m[90mr[0m[90mX[0m[33mX[0m[31mr[0m[31m;[0m[30m:[0m[30m,[0m[30m:[0m[90mX[0m[90ma[0m[30mi[0m[30m,[0m[30m:[0m[30mi[0m[30mi[0m[90m7[0m[90mS[0m[33m2[0m[37mZ[0m[37mZ[0m[37m8[0m[37m8[0m[37m8[0m[33ma[0m[90m7[0m[90m7[0m[90m2[0m[90m2[0m[90m2[0m[90ma[0m[37mZ[0m[37mZ[0m[33m2[0m[33m2[0m[90mS[0m[90mS[0m[90m7[0m[30mi[0m[30m,[0m[30m,[0m[30m,[0m[30m:[0m[31m;[0m[31mr[0m[31mi[0m[31m;[0m[31mi[0m[31mi[0m[31m;[0m[90m;[0m[30mi[0m[30m,[0m[30m:[0m[30mi[0m[30mi[0m[30mi[0m[90m;[0m[30mi[0m[30m,[0m[30m,[0m[30m:[0m[30m:[0m[30m,[0m[30m,[0m[30m:[0m[30m:[0m
[30mi[0m[90mr[0m[90mX[0m[90mX[0m[90mX[0m[90m7[0m[90mr[0m[90mr[0m[90mX[0m[90mX[0m[90m;[0m[30m:[0m[30mi[0m[90m;[0m[90mr[0m[31mr[0m[31m;[0m[31mi[0m[30mi[0m[30m:[0m[30m,[0m[30m:[0m[90m;[0m[90m7[0m[30m,[0m[30m,[0m[30mi[0m[90mr[0m[90m;[0m[30m:[0m[90mi[0m[90mr[0m[90mX[0m[90mS[0m[90ma[0m[33mZ[0m[37mZ[0m[37m8[0m[37mZ[0m[37mZ[0m[37mZ[0m[37mZ[0m[37mZ[0m[37mZ[0m[37mZ[0m[33ma[0m[33m2[0m[90mX[0m[90m7[0m[90m;[0m[30m:[0m[30m:[0m[30m:[0m[30m,[0m[30m,[0m[30m:[0m[31m;[0m[31mr[0m[31mi[0m[31m;[0m[31mi[0m[90mi[0m[31mr[0m[90mi[0m[30mi[0m[30mi[0m[30mi[0m[30m:[0m[30m:[0m[30m:[0m[30m:[0m[30mi[0m[30m:[0m[30m:[0m[30m:[0m[30m,[0m[30m,[0m[30m,[0m[30m:[0m[30m:[0m
[30m,[0m[30m:[0m[30mi[0m[90m7[0m[90mX[0m[90m7[0m[90m;[0m[90m;[0m[90m7[0m[90mX[0m[90mX[0m[90m7[0m[90mr[0m[90mr[0m[90mi[0m[90mi[0m[30mi[0m[30m:[0m[30m:[0m[30m:[0m[30m:[0m[30m,[0m[90m7[0m[30mi[0m[30m,[0m[30m,[0m[30mi[0m[90mX[0m[90mX[0m[90m7[0m[90mi[0m[30m:[0m[30m:[0m[30m:[0m[30mi[0m[90mr[0m[90mr[0m[90m7[0m[90m7[0m[90mX[0m[90mX[0m[90mX[0m[90mX[0m[90mX[0m[90mX[0m[90m7[0m[90mr[0m[90mi[0m[90m;[0m[90mi[0m[30m:[0m[30m:[0m[30m:[0m[30m,[0m[30m,[0m[30m,[0m[31m;[0m[31m;[0m[31m:[0m[31mi[0m[31mi[0m[90mi[0m[31mr[0m[30mi[0m[30m:[0m[90m;[0m[90m;[0m[30m:[0m[30m:[0m[30m:[0m[30m,[0m[30m,[0m[30mi[0m[90m;[0m[30mi[0m[30m:[0m[30m:[0m[30m:[0m[30m:[0m[30m,[0m
[30m,[0m[30m,[0m[30m,[0m[30m:[0m[90mr[0m[90m7[0m[90mr[0m[90m;[0m[90m;[0m[90m;[0m[90m;[0m[90m;[0m[90mr[0m[30mi[0m[30m:[0m[30mi[0m[30mi[0m[30m:[0m[30m,[0m[30m,[0m[30m,[0m[30mi[0m[90mr[0m[30m,[0m[30m,[0m[30m,[0m[90mr[0m[90mS[0m[90m2[0m[90m2[0m[90mX[0m[90mr[0m[90mi[0m[30m,[0m[30m.[0m[30m.[0m[30m,[0m[30m,[0m[30m,[0m[30m,[0m[30m,[0m[30m:[0m[30m:[0m[30m:[0m[30mi[0m[31mi[0m[90m;[0m[90mr[0m[90m;[0m[30mi[0m[30m:[0m[30m,[0m[90m;[0m[30m,[0m[30m,[0m[30m,[0m[31mi[0m[31mi[0m[31mi[0m[31mi[0m[31mi[0m[30mi[0m[30m:[0m[30m:[0m[90m;[0m[90m;[0m[90mr[0m[90mr[0m[30mi[0m[30m:[0m[30m:[0m[30m,[0m[30m:[0m[30mi[0m[90m;[0m[30mi[0m[30m:[0m[30m:[0m[30m:[0m[30m,[0m
[90mS[0m[90m7[0m[30mi[0m[30m:[0m[30m,[0m[30mi[0m[90m;[0m[90m7[0m[90mX[0m[90m7[0m[90m;[0m[30mi[0m[30mi[0m[30mi[0m[30m:[0m[30mi[0m[30mi[0m[30m:[0m[30m,[0m[30m,[0m[30m:[0m[90mi[0m[30m:[0m[30m:[0m[30m,[0m[30m:[0m[90m7[0m[90m2[0m[90ma[0m[33ma[0m[90ma[0m[90m2[0m[90mX[0m[90mr[0m[90m;[0m[30mi[0m[30m:[0m[30m,[0m[30m,[0m[30m,[0m[30m:[0m[30m:[0m[90mi[0m[90m;[0m[90mr[0m[90mX[0m[90mX[0m[90m;[0m[90m;[0m[90m;[0m[30m:[0m[30m,[0m[90mi[0m[30mi[0m[30m,[0m[30m,[0m[30m:[0m[31mi[0m[30m:[0m[31mi[0m[31m;[0m[90mi[0m[30m:[0m[30m:[0m[90m;[0m[30mi[0m[90m;[0m[90mr[0m[90mr[0m[30mi[0m[30m:[0m[30m:[0m[30m:[0m[30m:[0m[30mi[0m[30m:[0m[30m:[0m[30m:[0m[30m:[0m[30m,[0m
[90mX[0m[90mS[0m[90mS[0m[90mX[0m[30mi[0m[30m,[0m[30m:[0m[30mi[0m[90m;[0m[90m;[0m[30mi[0m[30m:[0m[30m:[0m[30m:[0m[90m;[0m[90m;[0m[30mi[0m[30m:[0m[30m,[0m[30m:[0m[30m:[0m[30m,[0m[30m,[0m[30m,[0m[30m,[0m[30mi[0m[90mX[0m[90ma[0m[33mZ[0m[37mZ[0m[37mZ[0m[37mZ[0m[90m2[0m[90mX[0m[90mX[0m[90mX[0m[90mX[0m[90mX[0m[90mX[0m[90mX[0m[90mX[0m[90mX[0m[90mX[0m[90mS[0m[90m2[0m[90ma[0m[90ma[0m[90mr[0m[90m;[0m[90m;[0m[30m:[0m[30m,[0m[30m:[0m[30mi[0m[30m:[0m[30m,[0m[31mi[0m[31m;[0m[30m:[0m[31mi[0m[31mr[0m[90mr[0m[90m;[0m[90m;[0m[90m;[0m[90m;[0m[90m;[0m[30m:[0m[30m:[0m[90m;[0m[90mr[0m[90m;[0m[30mi[0m[30mi[0m[30mi[0m[30m:[0m[30m,[0m[30m:[0m[30m:[0m[30m:[0m
[30m:[0m[30mi[0m[90mi[0m[90mi[0m[30m:[0m[30m,[0m[30m:[0m[30m:[0m[30m,[0m[30m:[0m[30mi[0m[90m;[0m[30m:[0m[90mi[0m[90m;[0m[30m:[0m[90m;[0m[30mi[0m[30mi[0m[30mi[0m[30mi[0m[30m:[0m[30m,[0m[30m:[0m[90m;[0m[90m;[0m[90mX[0m[33ma[0m[37mZ[0m[37mZ[0m[90ma[0m[90mX[0m[90m2[0m[90mS[0m[90mr[0m[90mr[0m[90mX[0m[90mX[0m[90m7[0m[90m7[0m[90m7[0m[90m7[0m[90m2[0m[33ma[0m[90m2[0m[90ma[0m[37mZ[0m[90ma[0m[90m;[0m[90mr[0m[30mi[0m[30m,[0m[30m,[0m[90mi[0m[30mi[0m[30m:[0m[30m:[0m[31mi[0m[30mi[0m[90mi[0m[31m7[0m[31mi[0m[90mi[0m[90m;[0m[90m;[0m[90mr[0m[30mi[0m[30m:[0m[30m:[0m[30m:[0m[30mi[0m[90mr[0m[90mr[0m[90mr[0m[90m;[0m[30m:[0m[30m,[0m[30m,[0m[30m:[0m[30m,[0m
[30mi[0m[30m:[0m[30m:[0m[30m:[0m[30m:[0m[30m,[0m[30m:[0m[30mi[0m[90m;[0m[30mi[0m[30m:[0m[30mi[0m[30mi[0m[30mi[0m[30mi[0m[90m;[0m[90mr[0m[30m:[0m[90mr[0m[90mX[0m[30mi[0m[30m,[0m[30m,[0m[30m:[0m[31mi[0m[90m7[0m[90mX[0m[90ma[0m[37mZ[0m[33mZ[0m[90mX[0m[90mX[0m[90mX[0m[90mS[0m[90mX[0m[90mX[0m[90mX[0m[90mS[0m[90mX[0m[90m7[0m[90mr[0m[90m7[0m[90m2[0m[90m2[0m[90mX[0m[90mX[0m[33ma[0m[90m2[0m[90mX[0m[90m7[0m[90m;[0m[30m:[0m[30m,[0m[30m:[0m[90m;[0m[30m:[0m[30m,[0m[30m,[0m[30m,[0m[31mi[0m[31m;[0m[30mi[0m[90m;[0m[90m;[0m[90m;[0m[90m;[0m[30m:[0m[30m:[0m[30m:[0m[30mi[0m[30m:[0m[30mi[0m[30mi[0m[90m;[0m[90m;[0m[30m:[0m[30m:[0m[30m,[0m[30m,[0m[30m,[0m
[90mX[0m[30mi[0m[30m:[0m[30m:[0m[30m:[0m[30m,[0m[30m:[0m[90m;[0m[90mX[0m[90m7[0m[30mi[0m[30m,[0m[30m:[0m[90m;[0m[90mX[0m[90mr[0m[30m:[0m[31mi[0m[90m;[0m[90m;[0m[30m:[0m[31mi[0m[31m:[0m[31m:[0m[31m:[0m[31mi[0m[90m7[0m[90mX[0m[90mX[0m[90m2[0m[37mZ[0m[33mZ[0m[90mZ[0m[90m2[0m[90mS[0m[90mr[0m[90mX[0m[90mS[0m[90ma[0m[90mX[0m[90m7[0m[90mS[0m[90m2[0m[90mX[0m[90m7[0m[90mX[0m[90ma[0m[90mX[0m[90mX[0m[90mr[0m[31mi[0m[30m:[0m[30m:[0m[30m:[0m[90mr[0m[31mi[0m[30m:[0m[30m,[0m[30m,[0m[31mi[0m[90mr[0m[30mi[0m[30m,[0m[30m,[0m[30mi[0m[30mi[0m[30m,[0m[30m,[0m[30m:[0m[30m:[0m[30m,[0m[30m,[0m[30m:[0m[30m:[0m[30mi[0m[90m;[0m[30m:[0m[30mi[0m[30m:[0m[30m:[0m
[90mX[0m[30mi[0m[30m:[0m[30m:[0m[30m:[0m[30m:[0m[30m,[0m[30mi[0m[90m;[0m[90m;[0m[30mi[0m[90mi[0m[90mr[0m[90mr[0m[90m;[0m[31mi[0m[31mi[0m[31mi[0m[31mi[0m[31mi[0m[31mi[0m[31mi[0m[31mi[0m[31mi[0m[30m:[0m[31m:[0m[31mi[0m[90mr[0m[90mX[0m[90mX[0m[90mS[0m[37m8[0m[37m8[0m[37m8[0m[37mZ[0m[90ma[0m[90ma[0m[33mZ[0m[37mZ[0m[33mZ[0m[33mZ[0m[33mZ[0m[37mZ[0m[33mZ[0m[37mZ[0m[37mZ[0m[37mZ[0m[33mX[0m[31m;[0m[31mi[0m[31m:[0m[31m:[0m[30m:[0m[30m:[0m[30m:[0m[90mr[0m[90m;[0m[31mi[0m[30m:[0m[31mi[0m[33mX[0m[31mi[0m[30m:[0m[30m,[0m[30m:[0m[30m:[0m[30m,[0m[30m,[0m[30m,[0m[30m:[0m[30m,[0m[30m,[0m[30m:[0m[30mi[0m[30m:[0m[30mi[0m[30m:[0m[30m:[0m[30m:[0m[30m,[0m
[90m7[0m[30mi[0m[30mi[0m[90m;[0m[30mi[0m[30m:[0m[30m,[0m[30m:[0m[90m;[0m[90m;[0m[31m;[0m[31mi[0m[31mi[0m[30mi[0m[90m;[0m[31mi[0m[31m;[0m[31m;[0m[31mi[0m[31m;[0m[31mi[0m[31mi[0m[31mi[0m[31mi[0m[31mi[0m[31mi[0m[31mi[0m[31mi[0m[31mi[0m[31mi[0m[90m;[0m[31mX[0m[33m2[0m[90ma[0m[90ma[0m[90ma[0m[33ma[0m[37m8[0m[37m8[0m[90ma[0m[90ma[0m[33mZ[0m[90m2[0m[90mX[0m[33mX[0m[31mr[0m[31mi[0m[31mi[0m[31m:[0m[31m:[0m[31mi[0m[31mi[0m[31mi[0m[31mi[0m[31m:[0m[30m:[0m[30m:[0m[30mi[0m[30m:[0m[30m,[0m[30m:[0m[30m:[0m[30m:[0m[31mi[0m[31mi[0m[31mi[0m[31mi[0m[90m;[0m[90m;[0m[30mi[0m[30m:[0m[30m:[0m[30mi[0m[30mi[0m[30m:[0m[30mi[0m[90mi[0m[30mi[0m[30m:[0m[30m,[0m
[30mi[0m[90mr[0m[90mX[0m[90mX[0m[90m;[0m[30mi[0m[90mi[0m[90m2[0m[90ma[0m[31m;[0m[31m;[0m[31mi[0m[31mi[0m[31mi[0m[31mi[0m[31mi[0m[31m;[0m[31m;[0m[31m;[0m[31m;[0m[31m;[0m[31m;[0m[31mi[0m[31mi[0m[31mi[0m[31mi[0m[31mi[0m[31mi[0m[31mi[0m[31mi[0m[31mi[0m[31mi[0m[31mi[0m[31mi[0m[31mi[0m[31m;[0m[31m;[0m[31mr[0m[31mr[0m[31m;[0m[31mi[0m[31mi[0m[31mi[0m[31mi[0m[31mi[0m[31mi[0m[31mi[0m[31mi[0m[31mi[0m[31mi[0m[31mi[0m[31mi[0m[31mi[0m[31mi[0m[31mi[0m[31mi[0m[31mi[0m[31mi[0m[31mi[0m[31mi[0m[31mi[0m[31mi[0m[31mi[0m[31mi[0m[31mi[0m[31mi[0m[31m;[0m[31m;[0m[90ma[0m[90m2[0m[90m;[0m[30m:[0m[30mi[0m[30mi[0m[30mi[0m[30mi[0m[30mi[0m[90m;[0m[90m;[0m[90mr[0m
[30m:[0m[30mi[0m[90mr[0m[90m7[0m[30mi[0m[30m:[0m[90m;[0m[90m2[0m[33mZ[0m[31m;[0m[31m;[0m[31m;[0m[31m;[0m[31mi[0m[31m;[0m[31m;[0m[31m;[0m[31m;[0m[31m;[0m[31m;[0m[31m;[0m[31mi[0m[31m;[0m[31m;[0m[31mi[0m[31m;[0m[31mi[0m[31m;[0m[31m;[0m[31m;[0m[31m;[0m[31mi[0m[31mi[0m[31mi[0m[31mi[0m[31mi[0m[31mi[0m[31mi[0m[31mi[0m[31mi[0m[31mi[0m[31mi[0m[31mi[0m[31mi[0m[31mi[0m[31mi[0m[31mi[0m[31mi[0m[31mi[0m[31mi[0m[31mi[0m[31mi[0m[31mi[0m[31mi[0m[31mi[0m[31mi[0m[31mi[0m[31mi[0m[31mi[0m[31mi[0m[31m;[0m[31m;[0m[31m;[0m[31m;[0m[31m;[0m[31m;[0m[31m;[0m[31m;[0m[90mZ[0m[90ma[0m[31mr[0m[30m:[0m[30m:[0m[31m;[0m[90m;[0m[30m:[0m[30m,[0m[30m:[0m[30mi[0m[90mi[0m
[30m:[0m[31m;[0m[31mr[0m[31mr[0m[31mi[0m[30m:[0m[90mi[0m[31mX[0m[37mZ[0m[31mr[0m[31m;[0m[31m;[0m[31m;[0m[31m;[0m[31m;[0m[31m;[0m[31m;[0m[31m;[0m[31m;[0m[31m;[0m[31m;[0m[31m;[0m[31m;[0m[31m;[0m[31m;[0m[31m;[0m[31m;[0m[31m;[0m[31m;[0m[31m;[0m[31mi[0m[31mi[0m[31mi[0m[31mi[0m[31mi[0m[31mi[0m[31mi[0m[31mi[0m[31mi[0m[31mi[0m[31mi[0m[31mi[0m[31mi[0m[31mi[0m[31mi[0m[31mi[0m[31mi[0m[31mi[0m[31m;[0m[31mi[0m[31m;[0m[31m;[0m[31m;[0m[31m;[0m[31m;[0m[31m;[0m[31m;[0m[31m;[0m[31m;[0m[31m;[0m[31m;[0m[31m;[0m[31m;[0m[31m;[0m[31m;[0m[31m;[0m[31m;[0m[31mr[0m[37mZ[0m[90ma[0m[31m;[0m[30m:[0m[30m:[0m[31mi[0m[31m;[0m[31mi[0m[30m:[0m[30m:[0m[30mi[0m[30m:[0m
[31mr[0m[31mr[0m[31m;[0m[31m;[0m[31m;[0m[30m:[0m[30m:[0m[31mr[0m[90mZ[0m[31m7[0m[31m;[0m[31m;[0m[31m;[0m[31m;[0m[31m;[0m[31m;[0m[31m;[0m[31m;[0m[31m;[0m[31m;[0m[31m;[0m[31m;[0m[31m;[0m[31m;[0m[31m;[0m[31m;[0m[31m;[0m[31m;[0m[31m;[0m[31m;[0m[31m;[0m[31m;[0m[31m;[0m[31m;[0m[31mi[0m[31mi[0m[31mi[0m[31mi[0m[31mi[0m[31mi[0m[31mi[0m[31mi[0m[31m;[0m[31m;[0m[31m;[0m[31m;[0m[31m;[0m[31m;[0m[31m;[0m[31m;[0m[31m;[0m[31m;[0m[31m;[0m[31m;[0m[31m;[0m[31m;[0m[31m;[0m[31m;[0m[31m;[0m[31m;[0m[31m;[0m[31m;[0m[31m;[0m[31m;[0m[31m;[0m[31m;[0m[31m;[0m[31m7[0m[90mZ[0m[90m2[0m[31m;[0m[30m,[0m[30m,[0m[31mi[0m[31m;[0m[31mi[0m[31mi[0m[90m;[0m[90mr[0m[90m;[0m
[31m;[0m[31m;[0m[31m;[0m[31m;[0m[31m;[0m[30m:[0m[30m:[0m[31m;[0m[90ma[0m[90mX[0m[31m;[0m[31m;[0m[31m;[0m[31m;[0m[31m;[0m[31m;[0m[31m;[0m[31m;[0m[31m;[0m[31m;[0m[31m;[0m[31m;[0m[31m;[0m[31m;[0m[31m;[0m[31m;[0m[31m;[0m[31m;[0m[31m;[0m[31m;[0m[31m;[0m[31m;[0m[31m;[0m[31m;[0m[31m;[0m[31m;[0m[31m;[0m[31m;[0m[31m;[0m[31m;[0m[31m;[0m[31m;[0m[31m;[0m[31m;[0m[31m;[0m[31m;[0m[31m;[0m[31m;[0m[31m;[0m[31m;[0m[31m;[0m[31m;[0m[31m;[0m[31m;[0m[31m;[0m[31m;[0m[31m;[0m[31m;[0m[31m;[0m[31m;[0m[31m;[0m[31m;[0m[31m;[0m[31m;[0m[31m;[0m[31m;[0m[31m;[0m[31m7[0m[90mZ[0m[90mS[0m[31mi[0m[30m,[0m[30m:[0m[31m;[0m[31mi[0m[31mi[0m[31mi[0m[31mi[0m[30mi[0m[90mi[0m
[31m;[0m[31m;[0m[31m;[0m[31m;[0m[31m;[0m[30m:[0m[30m,[0m[31mi[0m[90mX[0m[31mX[0m[31m;[0m[31m;[0m[31mr[0m[31mr[0m[31m;[0m[31m;[0m[31m;[0m[31m;[0m[31m;[0m[31m;[0m[31m;[0m[31m;[0m[31m;[0m[31m;[0m[31m;[0m[31m;[0m[31m;[0m[31m;[0m[31m;[0m[31m;[0m[31m;[0m[31m;[0m[31m;[0m[31m;[0m[31m;[0m[31m;[0m[31m;[0m[31m;[0m[31m;[0m[31m;[0m[31m;[0m[31m;[0m[31m;[0m[31m;[0m[31m;[0m[31m;[0m[31m;[0m[31m;[0m[31m;[0m[31m;[0m[31m;[0m[31m;[0m[31m;[0m[31m;[0m[31m;[0m[31m;[0m[31m;[0m[31m;[0m[31m;[0m[31m;[0m[31m;[0m[31m;[0m[31m;[0m[31m;[0m[31m;[0m[31m;[0m[31m;[0m[90mX[0m[90mZ[0m[90m7[0m[31mi[0m[30m,[0m[30m:[0m[31m;[0m[31mi[0m[31mi[0m[31mi[0m[31mi[0m[30m:[0m[30mi[0m
[31m;[0m[31mi[0m[31mi[0m[31mi[0m[31m;[0m[31m;[0m[30m:[0m[30m:[0m[31mr[0m[31mX[0m[31m;[0m[31m;[0m[31mr[0m[31mr[0m[31mr[0m[31mr[0m[31m;[0m[31m;[0m[31mr[0m[31mr[0m[31m;[0m[31m;[0m[31m;[0m[31m;[0m[31m;[0m[31m;[0m[31mr[0m[31m;[0m[31m;[0m[31m;[0m[31m;[0m[31m;[0m[31m;[0m[31m;[0m[31m;[0m[31m;[0m[31m;[0m[31m;[0m[31m;[0m[31m;[0m[31m;[0m[31m;[0m[31m;[0m[31m;[0m[31m;[0m[31m;[0m[31m;[0m[31m;[0m[31m;[0m[31m;[0m[31m;[0m[31m;[0m[31m;[0m[31m;[0m[31m;[0m[31m;[0m[31m;[0m[31m;[0m[31m;[0m[31m;[0m[31m;[0m[31m;[0m[31m;[0m[31m;[0m[31m;[0m[31m;[0m[31m;[0m[90mX[0m[90ma[0m[31m;[0m[30m:[0m[30m,[0m[31mi[0m[31mi[0m[31mi[0m[31mi[0m[31mi[0m[31mi[0m[31mi[0m[30m:[0m
[31mi[0m[31m;[0m[31mi[0m[31mi[0m[31mi[0m[31m;[0m[30m:[0m[30m:[0m[31m;[0m[31m7[0m[31m;[0m[31m;[0m[31m;[0m[31mr[0m[31m;[0m[31m;[0m[31m;[0m[31m;[0m[31m;[0m[31m;[0m[31m;[0m[31m;[0m[31m;[0m[31m;[0m[31m;[0m[31m;[0m[31m;[0m[31m;[0m[31m;[0m[31m;[0m[31m;[0m[31m;[0m[31m;[0m[31m;[0m[31m;[0m[31m;[0m[31m;[0m[31m;[0m[31m;[0m[31m;[0m[31m;[0m[31m;[0m[31m;[0m[31m;[0m[31m;[0m[31m;[0m[31m;[0m[31m;[0m[31m;[0m[31m;[0m[31m;[0m[31m;[0m[31m;[0m[31m;[0m[31m;[0m[31m;[0m[31m;[0m[31m;[0m[31m;[0m[31m;[0m[31m;[0m[31m;[0m[31m;[0m[31m;[0m[31m;[0m[31m;[0m[31m;[0m[90mX[0m[90ma[0m[31mi[0m[30m:[0m[30m,[0m[31mi[0m[31mi[0m[31mi[0m[31mi[0m[31mi[0m[31mi[0m[31mi[0m[30m:[0m
[31m;[0m[31mi[0m[31mi[0m[31mi[0m[31mi[0m[31mi[0m[31mi[0m[30m:[0m[31mi[0m[31mr[0m[31m;[0m[31m;[0m[31m;[0m[31m;[0m[31m;[0m[31m;[0m[31m;[0m[31m;[0m[31m;[0m[31m;[0m[31m;[0m[31m;[0m[31m;[0m[31m;[0m[31mr[0m[31m;[0m[31m;[0m[31m;[0m[31m;[0m[31m;[0m[31m;[0m[31m;[0m[31m;[0m[31m;[0m[31m;[0m[31m;[0m[31m;[0m[31m;[0m[31m;[0m[31m;[0m[31m;[0m[31m;[0m[31m;[0m[31m;[0m[31m;[0m[31m;[0m[31m;[0m[31m;[0m[31m;[0m[31m;[0m[31m;[0m[31m;[0m[31m;[0m[31m;[0m[31m;[0m[31m;[0m[31m;[0m[31mr[0m[31m7[0m[31m7[0m[31mr[0m[31m;[0m[31m;[0m[31m;[0m[31m;[0m[31m;[0m[31m;[0m[90mX[0m[90mS[0m[31mi[0m[30m,[0m[30m:[0m[31mi[0m[31mi[0m[31mi[0m[31mi[0m[31mi[0m[31mi[0m[31mi[0m[31mi[0m
"
`;
